Archive member included to satisfy reference by file (symbol)

c:/program files (x86)/atollic/truestudio for stm32 9.3.0/armtools/bin/../lib/gcc/arm-atollic-eabi/6.3.1/../../../../arm-atollic-eabi/lib/armv7-m\libc_nano.a(lib_a-errno.o)
                              Src\syscalls.o (__errno)
c:/program files (x86)/atollic/truestudio for stm32 9.3.0/armtools/bin/../lib/gcc/arm-atollic-eabi/6.3.1/../../../../arm-atollic-eabi/lib/armv7-m\libc_nano.a(lib_a-impure.o)
                              c:/program files (x86)/atollic/truestudio for stm32 9.3.0/armtools/bin/../lib/gcc/arm-atollic-eabi/6.3.1/../../../../arm-atollic-eabi/lib/armv7-m\libc_nano.a(lib_a-errno.o) (_impure_ptr)
c:/program files (x86)/atollic/truestudio for stm32 9.3.0/armtools/bin/../lib/gcc/arm-atollic-eabi/6.3.1/../../../../arm-atollic-eabi/lib/armv7-m\libc_nano.a(lib_a-init.o)
                              startup\startup_stm32f103xb.o (__libc_init_array)
c:/program files (x86)/atollic/truestudio for stm32 9.3.0/armtools/bin/../lib/gcc/arm-atollic-eabi/6.3.1/../../../../arm-atollic-eabi/lib/armv7-m\libc_nano.a(lib_a-memset.o)
                              Drivers\STM32F1xx_HAL_Driver\Src\stm32f1xx_hal_rcc.o (memset)
c:/program files (x86)/atollic/truestudio for stm32 9.3.0/armtools/bin/../lib/gcc/arm-atollic-eabi/6.3.1/armv7-m\libgcc.a(_lshrdi3.o)
                              Drivers\STM32F1xx_HAL_Driver\Src\stm32f1xx_hal_flash.o (__aeabi_llsr)

Allocating common symbols
Common symbol       size              file

hUsbDeviceFS        0x224             Src\usb_device.o
uwTick              0x4               Drivers\STM32F1xx_HAL_Driver\Src\stm32f1xx_hal.o
pFlash              0x20              Drivers\STM32F1xx_HAL_Driver\Src\stm32f1xx_hal_flash.o
UserRxBufferFS      0x3e8             Src\usbd_cdc_if.o
UserTxBufferFS      0x3e8             Src\usbd_cdc_if.o
htim1               0x40              Src\stm32f1xx_hal_timebase_tim.o
hpcd_USB_FS         0x460             Src\usbd_conf.o
USBD_StrDesc        0x200             Src\usbd_desc.o

Discarded input sections

 .text          0x00000000        0x0 c:/program files (x86)/atollic/truestudio for stm32 9.3.0/armtools/bin/../lib/gcc/arm-atollic-eabi/6.3.1/armv7-m/crti.o
 .data          0x00000000        0x0 c:/program files (x86)/atollic/truestudio for stm32 9.3.0/armtools/bin/../lib/gcc/arm-atollic-eabi/6.3.1/armv7-m/crti.o
 .bss           0x00000000        0x0 c:/program files (x86)/atollic/truestudio for stm32 9.3.0/armtools/bin/../lib/gcc/arm-atollic-eabi/6.3.1/armv7-m/crti.o
 .data          0x00000000        0x4 c:/program files (x86)/atollic/truestudio for stm32 9.3.0/armtools/bin/../lib/gcc/arm-atollic-eabi/6.3.1/armv7-m/crtbegin.o
 .text          0x00000000        0x0 Drivers\STM32F1xx_HAL_Driver\Src\stm32f1xx_hal.o
 .data          0x00000000        0x0 Drivers\STM32F1xx_HAL_Driver\Src\stm32f1xx_hal.o
 .bss           0x00000000        0x0 Drivers\STM32F1xx_HAL_Driver\Src\stm32f1xx_hal.o
 .text.HAL_MspInit
                0x00000000        0x2 Drivers\STM32F1xx_HAL_Driver\Src\stm32f1xx_hal.o
 .text.HAL_MspDeInit
                0x00000000        0x2 Drivers\STM32F1xx_HAL_Driver\Src\stm32f1xx_hal.o
 .text.HAL_DeInit
                0x00000000       0x20 Drivers\STM32F1xx_HAL_Driver\Src\stm32f1xx_hal.o
 .text.HAL_InitTick
                0x00000000       0x48 Drivers\STM32F1xx_HAL_Driver\Src\stm32f1xx_hal.o
 .text.HAL_GetTickPrio
                0x00000000        0xc Drivers\STM32F1xx_HAL_Driver\Src\stm32f1xx_hal.o
 .text.HAL_SetTickFreq
                0x00000000       0x40 Drivers\STM32F1xx_HAL_Driver\Src\stm32f1xx_hal.o
 .text.HAL_GetTickFreq
                0x00000000        0xc Drivers\STM32F1xx_HAL_Driver\Src\stm32f1xx_hal.o
 .text.HAL_SuspendTick
                0x00000000       0x10 Drivers\STM32F1xx_HAL_Driver\Src\stm32f1xx_hal.o
 .text.HAL_ResumeTick
                0x00000000       0x10 Drivers\STM32F1xx_HAL_Driver\Src\stm32f1xx_hal.o
 .text.HAL_GetHalVersion
                0x00000000        0x8 Drivers\STM32F1xx_HAL_Driver\Src\stm32f1xx_hal.o
 .text.HAL_GetREVID
                0x00000000        0xc Drivers\STM32F1xx_HAL_Driver\Src\stm32f1xx_hal.o
 .text.HAL_GetDEVID
                0x00000000       0x10 Drivers\STM32F1xx_HAL_Driver\Src\stm32f1xx_hal.o
 .text.HAL_DBGMCU_EnableDBGSleepMode
                0x00000000       0x10 Drivers\STM32F1xx_HAL_Driver\Src\stm32f1xx_hal.o
 .text.HAL_DBGMCU_DisableDBGSleepMode
                0x00000000       0x10 Drivers\STM32F1xx_HAL_Driver\Src\stm32f1xx_hal.o
 .text.HAL_DBGMCU_EnableDBGStopMode
                0x00000000       0x10 Drivers\STM32F1xx_HAL_Driver\Src\stm32f1xx_hal.o
 .text.HAL_DBGMCU_DisableDBGStopMode
                0x00000000       0x10 Drivers\STM32F1xx_HAL_Driver\Src\stm32f1xx_hal.o
 .text.HAL_DBGMCU_EnableDBGStandbyMode
                0x00000000       0x10 Drivers\STM32F1xx_HAL_Driver\Src\stm32f1xx_hal.o
 .text.HAL_DBGMCU_DisableDBGStandbyMode
[...]
Memory Configuration

Name             Origin             Length             Attributes
RAM              0x20000000         0x00005000         xrw
FLASH            0x08000000         0x00010000         xr
*default*        0x00000000         0xffffffff

Linker script and memory map

LOAD c:/program files (x86)/atollic/truestudio for stm32 9.3.0/armtools/bin/../lib/gcc/arm-atollic-eabi/6.3.1/armv7-m/crti.o
LOAD c:/program files (x86)/atollic/truestudio for stm32 9.3.0/armtools/bin/../lib/gcc/arm-atollic-eabi/6.3.1/armv7-m/crtbegin.o
LOAD Drivers\STM32F1xx_HAL_Driver\Src\stm32f1xx_hal.o
LOAD Drivers\STM32F1xx_HAL_Driver\Src\stm32f1xx_hal_cortex.o
LOAD Drivers\STM32F1xx_HAL_Driver\Src\stm32f1xx_hal_dma.o
LOAD Drivers\STM32F1xx_HAL_Driver\Src\stm32f1xx_hal_flash.o
LOAD Drivers\STM32F1xx_HAL_Driver\Src\stm32f1xx_hal_flash_ex.o
LOAD Drivers\STM32F1xx_HAL_Driver\Src\stm32f1xx_hal_gpio.o
LOAD Drivers\STM32F1xx_HAL_Driver\Src\stm32f1xx_hal_gpio_ex.o
LOAD Drivers\STM32F1xx_HAL_Driver\Src\stm32f1xx_hal_pcd.o
LOAD Drivers\STM32F1xx_HAL_Driver\Src\stm32f1xx_hal_pcd_ex.o
LOAD Drivers\STM32F1xx_HAL_Driver\Src\stm32f1xx_hal_pwr.o
LOAD Drivers\STM32F1xx_HAL_Driver\Src\stm32f1xx_hal_rcc.o
LOAD Drivers\STM32F1xx_HAL_Driver\Src\stm32f1xx_hal_rcc_ex.o
LOAD Drivers\STM32F1xx_HAL_Driver\Src\stm32f1xx_hal_tim.o
LOAD Drivers\STM32F1xx_HAL_Driver\Src\stm32f1xx_hal_tim_ex.o
LOAD Drivers\STM32F1xx_HAL_Driver\Src\stm32f1xx_ll_usb.o
LOAD Middlewares\ST\STM32_USB_Device_Library\Class\CDC\Src\usbd_cdc.o
LOAD Middlewares\ST\STM32_USB_Device_Library\Core\Src\usbd_core.o
LOAD Middlewares\ST\STM32_USB_Device_Library\Core\Src\usbd_ctlreq.o
LOAD Middlewares\ST\STM32_USB_Device_Library\Core\Src\usbd_ioreq.o
LOAD Src\gpio.o
LOAD Src\main.o
LOAD Src\stm32f1xx_hal_msp.o
LOAD Src\stm32f1xx_hal_timebase_tim.o
LOAD Src\stm32f1xx_it.o
LOAD Src\syscalls.o
LOAD Src\system_stm32f1xx.o
LOAD Src\usb_device.o
LOAD Src\usbd_cdc_if.o
LOAD Src\usbd_conf.o
LOAD Src\usbd_desc.o
LOAD startup\startup_stm32f103xb.o
                0x00000080                malloc_getpagesize_P = 0x80
START GROUP
LOAD c:/program files (x86)/atollic/truestudio for stm32 9.3.0/armtools/bin/../lib/gcc/arm-atollic-eabi/6.3.1/../../../../arm-atollic-eabi/lib/armv7-m\libc_nano.a
LOAD c:/program files (x86)/atollic/truestudio for stm32 9.3.0/armtools/bin/../lib/gcc/arm-atollic-eabi/6.3.1/../../../../arm-atollic-eabi/lib/armv7-m\libm.a
END GROUP
START GROUP
LOAD c:/program files (x86)/atollic/truestudio for stm32 9.3.0/armtools/bin/../lib/gcc/arm-atollic-eabi/6.3.1/armv7-m\libgcc.a
LOAD c:/program files (x86)/atollic/truestudio for stm32 9.3.0/armtools/bin/../lib/gcc/arm-atollic-eabi/6.3.1/../../../../arm-atollic-eabi/lib/armv7-m\libc_nano.a
END GROUP
START GROUP
LOAD c:/program files (x86)/atollic/truestudio for stm32 9.3.0/armtools/bin/../lib/gcc/arm-atollic-eabi/6.3.1/armv7-m\libgcc.a
LOAD c:/program files (x86)/atollic/truestudio for stm32 9.3.0/armtools/bin/../lib/gcc/arm-atollic-eabi/6.3.1/../../../../arm-atollic-eabi/lib/armv7-m\libc_nano.a
LOAD c:/program files (x86)/atollic/truestudio for stm32 9.3.0/armtools/bin/../lib/gcc/arm-atollic-eabi/6.3.1/../../../../arm-atollic-eabi/lib/armv7-m\libnosys.a
END GROUP
START GROUP
LOAD c:/program files (x86)/atollic/truestudio for stm32 9.3.0/armtools/bin/../lib/gcc/arm-atollic-eabi/6.3.1/armv7-m\libgcc.a
LOAD c:/program files (x86)/atollic/truestudio for stm32 9.3.0/armtools/bin/../lib/gcc/arm-atollic-eabi/6.3.1/../../../../arm-atollic-eabi/lib/armv7-m\libc_nano.a
LOAD c:/program files (x86)/atollic/truestudio for stm32 9.3.0/armtools/bin/../lib/gcc/arm-atollic-eabi/6.3.1/../../../../arm-atollic-eabi/lib/armv7-m\libnosys.a
END GROUP
LOAD c:/program files (x86)/atollic/truestudio for stm32 9.3.0/armtools/bin/../lib/gcc/arm-atollic-eabi/6.3.1/armv7-m/crtend.o
LOAD c:/program files (x86)/atollic/truestudio for stm32 9.3.0/armtools/bin/../lib/gcc/arm-atollic-eabi/6.3.1/armv7-m/crtn.o
                0x20005000                _estack = 0x20005000
                0x00000200                _Min_Heap_Size = 0x200
                0x00000400                _Min_Stack_Size = 0x400

.isr_vector     0x08000000      0x10c
                0x08000000                . = ALIGN (0x4)
 *(.isr_vector)
 .isr_vector    0x08000000      0x10c startup\startup_stm32f103xb.o
                0x08000000                g_pfnVectors
                0x0800010c                . = ALIGN (0x4)

.text           0x0800010c     0x2f30
                0x0800010c                . = ALIGN (0x4)
 *(.text)
 .text          0x0800010c       0x40 c:/program files (x86)/atollic/truestudio for stm32 9.3.0/armtools/bin/../lib/gcc/arm-atollic-eabi/6.3.1/armv7-m/crtbegin.o
 *(.text*)
 .text.HAL_Init
                0x0800014c       0x24 Drivers\STM32F1xx_HAL_Driver\Src\stm32f1xx_hal.o
                0x0800014c                HAL_Init
 .text.HAL_IncTick
                0x08000170       0x18 Drivers\STM32F1xx_HAL_Driver\Src\stm32f1xx_hal.o
                0x08000170                HAL_IncTick
 .text.HAL_GetTick
                0x08000188        0xc Drivers\STM32F1xx_HAL_Driver\Src\stm32f1xx_hal.o
                0x08000188                HAL_GetTick
 .text.HAL_Delay
                0x08000194       0x24 Drivers\STM32F1xx_HAL_Driver\Src\stm32f1xx_hal.o
                0x08000194                HAL_Delay
 .text.HAL_NVIC_SetPriorityGrouping
                0x080001b8       0x3c Drivers\STM32F1xx_HAL_Driver\Src\stm32f1xx_hal_cortex.o
                0x080001b8                HAL_NVIC_SetPriorityGrouping
 .text.HAL_NVIC_SetPriority
                0x080001f4       0x84 Drivers\STM32F1xx_HAL_Driver\Src\stm32f1xx_hal_cortex.o
                0x080001f4                HAL_NVIC_SetPriority
 .text.HAL_NVIC_EnableIRQ
                0x08000278       0x2c Drivers\STM32F1xx_HAL_Driver\Src\stm32f1xx_hal_cortex.o
                0x08000278                HAL_NVIC_EnableIRQ
 .text.HAL_GPIO_Init
                0x080002a4      0x2d8 Drivers\STM32F1xx_HAL_Driver\Src\stm32f1xx_hal_gpio.o
                0x080002a4                HAL_GPIO_Init
 .text.HAL_GPIO_WritePin
                0x0800057c       0x34 Drivers\STM32F1xx_HAL_Driver\Src\stm32f1xx_hal_gpio.o
                0x0800057c                HAL_GPIO_WritePin
 .text.HAL_PCD_Init
                0x080005b0       0xec Drivers\STM32F1xx_HAL_Driver\Src\stm32f1xx_hal_pcd.o
                0x080005b0                HAL_PCD_Init
 .text.HAL_PCD_Start
                0x0800069c       0x2e Drivers\STM32F1xx_HAL_Driver\Src\stm32f1xx_hal_pcd.o
                0x0800069c                HAL_PCD_Start
 .text.HAL_PCD_SetAddress
                0x080006ca       0x28 Drivers\STM32F1xx_HAL_Driver\Src\stm32f1xx_hal_pcd.o
                0x080006ca                HAL_PCD_SetAddress
 .text.HAL_PCD_EP_Open
                0x080006f2       0x46 Drivers\STM32F1xx_HAL_Driver\Src\stm32f1xx_hal_pcd.o
                0x080006f2                HAL_PCD_EP_Open
 .text.HAL_PCD_EP_Close
                0x08000738       0x42 Drivers\STM32F1xx_HAL_Driver\Src\stm32f1xx_hal_pcd.o
                0x08000738                HAL_PCD_EP_Close
 .text.HAL_PCD_EP_Receive
                0x0800077a       0x30 Drivers\STM32F1xx_HAL_Driver\Src\stm32f1xx_hal_pcd.o
                0x0800077a                HAL_PCD_EP_Receive
 .text.HAL_PCD_EP_GetRxCount
                0x080007aa        0xe Drivers\STM32F1xx_HAL_Driver\Src\stm32f1xx_hal_pcd.o
                0x080007aa                HAL_PCD_EP_GetRxCount
 .text.HAL_PCD_EP_Transmit
                0x080007b8       0x2c Drivers\STM32F1xx_HAL_Driver\Src\stm32f1xx_hal_pcd.o
                0x080007b8                HAL_PCD_EP_Transmit
 .text.HAL_PCD_IRQHandler
                0x080007e4      0x4f0 Drivers\STM32F1xx_HAL_Driver\Src\stm32f1xx_hal_pcd.o
                0x080007e4                HAL_PCD_IRQHandler
 .text.HAL_PCD_EP_SetStall
                0x08000cd4       0x52 Drivers\STM32F1xx_HAL_Driver\Src\stm32f1xx_hal_pcd.o
                0x08000cd4                HAL_PCD_EP_SetStall
 .text.HAL_PCD_EP_ClrStall
                0x08000d26       0x46 Drivers\STM32F1xx_HAL_Driver\Src\stm32f1xx_hal_pcd.o
                0x08000d26                HAL_PCD_EP_ClrStall
 .text.HAL_PCDEx_PMAConfig
                0x08000d6c       0x30 Drivers\STM32F1xx_HAL_Driver\Src\stm32f1xx_hal_pcd_ex.o
                0x08000d6c                HAL_PCDEx_PMAConfig
 .text.HAL_RCC_OscConfig
                0x08000d9c      0x404 Drivers\STM32F1xx_HAL_Driver\Src\stm32f1xx_hal_rcc.o
                0x08000d9c                HAL_RCC_OscConfig
 .text.HAL_RCC_GetSysClockFreq
                0x080011a0       0x78 Drivers\STM32F1xx_HAL_Driver\Src\stm32f1xx_hal_rcc.o
                0x080011a0                HAL_RCC_GetSysClockFreq
 .text.HAL_RCC_ClockConfig
                0x08001218      0x220 Drivers\STM32F1xx_HAL_Driver\Src\stm32f1xx_hal_rcc.o
                0x08001218                HAL_RCC_ClockConfig
 .text.HAL_RCC_GetPCLK2Freq
                0x08001438       0x20 Drivers\STM32F1xx_HAL_Driver\Src\stm32f1xx_hal_rcc.o
                0x08001438                HAL_RCC_GetPCLK2Freq
 .text.HAL_RCC_GetClockConfig
                0x08001458       0x60 Drivers\STM32F1xx_HAL_Driver\Src\stm32f1xx_hal_rcc.o
                0x08001458                HAL_RCC_GetClockConfig
 .text.HAL_RCCEx_PeriphCLKConfig
                0x080014b8      0x138 Drivers\STM32F1xx_HAL_Driver\Src\stm32f1xx_hal_rcc_ex.o
                0x080014b8                HAL_RCCEx_PeriphCLKConfig
 .text.HAL_TIM_Base_MspInit
                0x080015f0        0x2 Drivers\STM32F1xx_HAL_Driver\Src\stm32f1xx_hal_tim.o
                0x080015f0                HAL_TIM_Base_MspInit
 *fill*         0x080015f2        0x2 
 .text.HAL_TIM_Base_Start_IT
                0x080015f4       0x4c Drivers\STM32F1xx_HAL_Driver\Src\stm32f1xx_hal_tim.o
                0x080015f4                HAL_TIM_Base_Start_IT
 .text.HAL_TIM_OC_DelayElapsedCallback
                0x08001640        0x2 Drivers\STM32F1xx_HAL_Driver\Src\stm32f1xx_hal_tim.o
                0x08001640                HAL_TIM_OC_DelayElapsedCallback
 .text.HAL_TIM_IC_CaptureCallback
                0x08001642        0x2 Drivers\STM32F1xx_HAL_Driver\Src\stm32f1xx_hal_tim.o
                0x08001642                HAL_TIM_IC_CaptureCallback
 .text.HAL_TIM_PWM_PulseFinishedCallback
                0x08001644        0x2 Drivers\STM32F1xx_HAL_Driver\Src\stm32f1xx_hal_tim.o
                0x08001644                HAL_TIM_PWM_PulseFinishedCallback
 .text.HAL_TIM_TriggerCallback
                0x08001646        0x2 Drivers\STM32F1xx_HAL_Driver\Src\stm32f1xx_hal_tim.o
                0x08001646                HAL_TIM_TriggerCallback
 .text.HAL_TIM_IRQHandler
                0x08001648      0x144 Drivers\STM32F1xx_HAL_Driver\Src\stm32f1xx_hal_tim.o
                0x08001648                HAL_TIM_IRQHandler
 .text.TIM_Base_SetConfig
                0x0800178c       0x70 Drivers\STM32F1xx_HAL_Driver\Src\stm32f1xx_hal_tim.o
                0x0800178c                TIM_Base_SetConfig
 .text.HAL_TIM_Base_Init
                0x080017fc       0xa8 Drivers\STM32F1xx_HAL_Driver\Src\stm32f1xx_hal_tim.o
                0x080017fc                HAL_TIM_Base_Init
 .text.HAL_TIMEx_CommutationCallback
                0x080018a4        0x2 Drivers\STM32F1xx_HAL_Driver\Src\stm32f1xx_hal_tim_ex.o
                0x080018a4                HAL_TIMEx_CommutationCallback
 .text.HAL_TIMEx_BreakCallback
                0x080018a6        0x2 Drivers\STM32F1xx_HAL_Driver\Src\stm32f1xx_hal_tim_ex.o
                0x080018a6                HAL_TIMEx_BreakCallback
 .text.USB_CoreInit
                0x080018a8        0xe Drivers\STM32F1xx_HAL_Driver\Src\stm32f1xx_ll_usb.o
                0x080018a8                USB_CoreInit
 .text.USB_EnableGlobalInt
                0x080018b6       0x12 Drivers\STM32F1xx_HAL_Driver\Src\stm32f1xx_ll_usb.o
                0x080018b6                USB_EnableGlobalInt
 .text.USB_DisableGlobalInt
                0x080018c8       0x14 Drivers\STM32F1xx_HAL_Driver\Src\stm32f1xx_ll_usb.o
                0x080018c8                USB_DisableGlobalInt
 .text.USB_SetCurrentMode
                0x080018dc        0x4 Drivers\STM32F1xx_HAL_Driver\Src\stm32f1xx_ll_usb.o
                0x080018dc                USB_SetCurrentMode
 .text.USB_DevInit
                0x080018e0       0x36 Drivers\STM32F1xx_HAL_Driver\Src\stm32f1xx_ll_usb.o
                0x080018e0                USB_DevInit
 *fill*         0x08001916        0x2 
 .text.USB_ActivateEndpoint
                0x08001918      0x2e4 Drivers\STM32F1xx_HAL_Driver\Src\stm32f1xx_ll_usb.o
                0x08001918                USB_ActivateEndpoint
 .text.USB_DeactivateEndpoint
                0x08001bfc      0x19c Drivers\STM32F1xx_HAL_Driver\Src\stm32f1xx_ll_usb.o
                0x08001bfc                USB_DeactivateEndpoint
 .text.USB_EPSetStall
                0x08001d98       0x64 Drivers\STM32F1xx_HAL_Driver\Src\stm32f1xx_ll_usb.o
                0x08001d98                USB_EPSetStall
 .text.USB_EPClearStall
                0x08001dfc       0x84 Drivers\STM32F1xx_HAL_Driver\Src\stm32f1xx_ll_usb.o
                0x08001dfc                USB_EPClearStall
 .text.USB_SetDevAddress
                0x08001e80        0xc Drivers\STM32F1xx_HAL_Driver\Src\stm32f1xx_ll_usb.o
                0x08001e80                USB_SetDevAddress
 .text.USB_DevConnect
                0x08001e8c        0x4 Drivers\STM32F1xx_HAL_Driver\Src\stm32f1xx_ll_usb.o
                0x08001e8c                USB_DevConnect
 .text.USB_DevDisconnect
                0x08001e90        0x4 Drivers\STM32F1xx_HAL_Driver\Src\stm32f1xx_ll_usb.o
                0x08001e90                USB_DevDisconnect
 .text.USB_ReadInterrupts
                0x08001e94        0x8 Drivers\STM32F1xx_HAL_Driver\Src\stm32f1xx_ll_usb.o
                0x08001e94                USB_ReadInterrupts
 .text.USB_EP0_OutStart
                0x08001e9c        0x4 Drivers\STM32F1xx_HAL_Driver\Src\stm32f1xx_ll_usb.o
                0x08001e9c                USB_EP0_OutStart
 .text.USB_WritePMA
                0x08001ea0       0x22 Drivers\STM32F1xx_HAL_Driver\Src\stm32f1xx_ll_usb.o
                0x08001ea0                USB_WritePMA
 *fill*         0x08001ec2        0x2 
 .text.USB_EPStartXfer
                0x08001ec4      0x200 Drivers\STM32F1xx_HAL_Driver\Src\stm32f1xx_ll_usb.o
                0x08001ec4                USB_EPStartXfer
 .text.USB_ReadPMA
                0x080020c4       0x22 Drivers\STM32F1xx_HAL_Driver\Src\stm32f1xx_ll_usb.o
                0x080020c4                USB_ReadPMA
 .text.USBD_CDC_DataIn
                0x080020e6       0x12 Middlewares\ST\STM32_USB_Device_Library\Class\CDC\Src\usbd_cdc.o
 .text.USBD_CDC_EP0_RxReady
                0x080020f8       0x28 Middlewares\ST\STM32_USB_Device_Library\Class\CDC\Src\usbd_cdc.o
 .text.USBD_CDC_GetFSCfgDesc
                0x08002120        0xc Middlewares\ST\STM32_USB_Device_Library\Class\CDC\Src\usbd_cdc.o
 .text.USBD_CDC_GetHSCfgDesc
                0x0800212c        0xc Middlewares\ST\STM32_USB_Device_Library\Class\CDC\Src\usbd_cdc.o
 .text.USBD_CDC_GetOtherSpeedCfgDesc
                0x08002138        0xc Middlewares\ST\STM32_USB_Device_Library\Class\CDC\Src\usbd_cdc.o
 .text.USBD_CDC_GetDeviceQualifierDescriptor
                0x08002144        0xc Middlewares\ST\STM32_USB_Device_Library\Class\CDC\Src\usbd_cdc.o
                0x08002144                USBD_CDC_GetDeviceQualifierDescriptor
 .text.USBD_CDC_DataOut
                0x08002150       0x2e Middlewares\ST\STM32_USB_Device_Library\Class\CDC\Src\usbd_cdc.o
 *fill*         0x0800217e        0x2 
 .text.USBD_CDC_Setup
                0x08002180       0x68 Middlewares\ST\STM32_USB_Device_Library\Class\CDC\Src\usbd_cdc.o
 .text.USBD_CDC_DeInit
                0x080021e8       0x3a Middlewares\ST\STM32_USB_Device_Library\Class\CDC\Src\usbd_cdc.o
 .text.USBD_CDC_Init
                0x08002222       0x8c Middlewares\ST\STM32_USB_Device_Library\Class\CDC\Src\usbd_cdc.o
 .text.USBD_CDC_RegisterInterface
                0x080022ae        0xe Middlewares\ST\STM32_USB_Device_Library\Class\CDC\Src\usbd_cdc.o
                0x080022ae                USBD_CDC_RegisterInterface
 .text.USBD_CDC_SetTxBuffer
                0x080022bc       0x10 Middlewares\ST\STM32_USB_Device_Library\Class\CDC\Src\usbd_cdc.o
                0x080022bc                USBD_CDC_SetTxBuffer
 .text.USBD_CDC_SetRxBuffer
                0x080022cc        0xc Middlewares\ST\STM32_USB_Device_Library\Class\CDC\Src\usbd_cdc.o
                0x080022cc                USBD_CDC_SetRxBuffer
 .text.USBD_CDC_ReceivePacket
                0x080022d8       0x26 Middlewares\ST\STM32_USB_Device_Library\Class\CDC\Src\usbd_cdc.o
                0x080022d8                USBD_CDC_ReceivePacket
 .text.USBD_Init
                0x080022fe       0x2a Middlewares\ST\STM32_USB_Device_Library\Core\Src\usbd_core.o
                0x080022fe                USBD_Init
 .text.USBD_RegisterClass
                0x08002328        0xe Middlewares\ST\STM32_USB_Device_Library\Core\Src\usbd_core.o
                0x08002328                USBD_RegisterClass
 .text.USBD_Start
                0x08002336        0xa Middlewares\ST\STM32_USB_Device_Library\Core\Src\usbd_core.o
                0x08002336                USBD_Start
 .text.USBD_SetClassConfig
                0x08002340       0x16 Middlewares\ST\STM32_USB_Device_Library\Core\Src\usbd_core.o
                0x08002340                USBD_SetClassConfig
 .text.USBD_ClrClassConfig
                0x08002356        0xe Middlewares\ST\STM32_USB_Device_Library\Core\Src\usbd_core.o
                0x08002356                USBD_ClrClassConfig
 .text.USBD_LL_SetupStage
                0x08002364       0x5a Middlewares\ST\STM32_USB_Device_Library\Core\Src\usbd_core.o
                0x08002364                USBD_LL_SetupStage
 .text.USBD_LL_DataOutStage
                0x080023be       0x64 Middlewares\ST\STM32_USB_Device_Library\Core\Src\usbd_core.o
                0x080023be                USBD_LL_DataOutStage
 .text.USBD_LL_DataInStage
                0x08002422       0x9e Middlewares\ST\STM32_USB_Device_Library\Core\Src\usbd_core.o
                0x08002422                USBD_LL_DataInStage
 .text.USBD_LL_Reset
                0x080024c0       0x3e Middlewares\ST\STM32_USB_Device_Library\Core\Src\usbd_core.o
                0x080024c0                USBD_LL_Reset
 .text.USBD_LL_SetSpeed
                0x080024fe        0x6 Middlewares\ST\STM32_USB_Device_Library\Core\Src\usbd_core.o
                0x080024fe                USBD_LL_SetSpeed
 .text.USBD_LL_Suspend
                0x08002504       0x12 Middlewares\ST\STM32_USB_Device_Library\Core\Src\usbd_core.o
                0x08002504                USBD_LL_Suspend
 .text.USBD_LL_Resume
                0x08002516        0xc Middlewares\ST\STM32_USB_Device_Library\Core\Src\usbd_core.o
                0x08002516                USBD_LL_Resume
 .text.USBD_LL_SOF
                0x08002522       0x18 Middlewares\ST\STM32_USB_Device_Library\Core\Src\usbd_core.o
                0x08002522                USBD_LL_SOF
 .text.USBD_CtlError.constprop.0
                0x0800253a       0x16 Middlewares\ST\STM32_USB_Device_Library\Core\Src\usbd_ctlreq.o
 .text.USBD_StdDevReq
                0x08002550      0x1f4 Middlewares\ST\STM32_USB_Device_Library\Core\Src\usbd_ctlreq.o
                0x08002550                USBD_StdDevReq
 .text.USBD_StdItfReq
                0x08002744       0x30 Middlewares\ST\STM32_USB_Device_Library\Core\Src\usbd_ctlreq.o
                0x08002744                USBD_StdItfReq
 .text.USBD_StdEPReq
                0x08002774       0xc6 Middlewares\ST\STM32_USB_Device_Library\Core\Src\usbd_ctlreq.o
                0x08002774                USBD_StdEPReq
 .text.USBD_ParseSetupRequest
                0x0800283a       0x28 Middlewares\ST\STM32_USB_Device_Library\Core\Src\usbd_ctlreq.o
                0x0800283a                USBD_ParseSetupRequest
 .text.USBD_GetString
                0x08002862       0x38 Middlewares\ST\STM32_USB_Device_Library\Core\Src\usbd_ctlreq.o
                0x08002862                USBD_GetString
 .text.USBD_CtlSendData
                0x0800289a       0x1a Middlewares\ST\STM32_USB_Device_Library\Core\Src\usbd_ioreq.o
                0x0800289a                USBD_CtlSendData
 .text.USBD_CtlContinueSendData
                0x080028b4       0x10 Middlewares\ST\STM32_USB_Device_Library\Core\Src\usbd_ioreq.o
                0x080028b4                USBD_CtlContinueSendData
 .text.USBD_CtlPrepareRx
                0x080028c4       0x1e Middlewares\ST\STM32_USB_Device_Library\Core\Src\usbd_ioreq.o
                0x080028c4                USBD_CtlPrepareRx
 .text.USBD_CtlContinueRx
                0x080028e2       0x10 Middlewares\ST\STM32_USB_Device_Library\Core\Src\usbd_ioreq.o
                0x080028e2                USBD_CtlContinueRx
 .text.USBD_CtlSendStatus
                0x080028f2       0x16 Middlewares\ST\STM32_USB_Device_Library\Core\Src\usbd_ioreq.o
                0x080028f2                USBD_CtlSendStatus
 .text.USBD_CtlReceiveStatus
                0x08002908       0x16 Middlewares\ST\STM32_USB_Device_Library\Core\Src\usbd_ioreq.o
                0x08002908                USBD_CtlReceiveStatus
 *fill*         0x0800291e        0x2 
 .text.MX_GPIO_Init
                0x08002920       0x7c Src\gpio.o
                0x08002920                MX_GPIO_Init
 .text.SystemClock_Config
                0x0800299c       0x72 Src\main.o
                0x0800299c                SystemClock_Config
 *fill*         0x08002a0e        0x2 
 .text.startup.main
                0x08002a10       0x40 Src\main.o
                0x08002a10                main
 .text.HAL_TIM_PeriodElapsedCallback
                0x08002a50       0x14 Src\main.o
                0x08002a50                HAL_TIM_PeriodElapsedCallback
 .text.Error_Handler
                0x08002a64        0x2 Src\main.o
                0x08002a64                Error_Handler
 .text.assert_failed
                0x08002a66        0x2 Src\main.o
                0x08002a66                assert_failed
 .text.HAL_MspInit
                0x08002a68       0x44 Src\stm32f1xx_hal_msp.o
                0x08002a68                HAL_MspInit
 .text.HAL_InitTick
                0x08002aac       0x78 Src\stm32f1xx_hal_timebase_tim.o
                0x08002aac                HAL_InitTick
 .text.NMI_Handler
                0x08002b24        0x2 Src\stm32f1xx_it.o
                0x08002b24                NMI_Handler
 .text.HardFault_Handler
                0x08002b26        0x2 Src\stm32f1xx_it.o
                0x08002b26                HardFault_Handler
 .text.MemManage_Handler
                0x08002b28        0x2 Src\stm32f1xx_it.o
                0x08002b28                MemManage_Handler
 .text.BusFault_Handler
                0x08002b2a        0x2 Src\stm32f1xx_it.o
                0x08002b2a                BusFault_Handler
 .text.UsageFault_Handler
                0x08002b2c        0x2 Src\stm32f1xx_it.o
                0x08002b2c                UsageFault_Handler
 .text.SVC_Handler
                0x08002b2e        0x2 Src\stm32f1xx_it.o
                0x08002b2e                SVC_Handler
 .text.DebugMon_Handler
                0x08002b30        0x2 Src\stm32f1xx_it.o
                0x08002b30                DebugMon_Handler
 .text.PendSV_Handler
                0x08002b32        0x2 Src\stm32f1xx_it.o
                0x08002b32                PendSV_Handler
 .text.SysTick_Handler
                0x08002b34        0x2 Src\stm32f1xx_it.o
                0x08002b34                SysTick_Handler
 *fill*         0x08002b36        0x2 
 .text.USB_LP_CAN1_RX0_IRQHandler
                0x08002b38        0xc Src\stm32f1xx_it.o
                0x08002b38                USB_LP_CAN1_RX0_IRQHandler
 .text.TIM1_UP_IRQHandler
                0x08002b44        0xc Src\stm32f1xx_it.o
                0x08002b44                TIM1_UP_IRQHandler
 .text.SystemInit
                0x08002b50       0x4c Src\system_stm32f1xx.o
                0x08002b50                SystemInit
 .text.MX_USB_DEVICE_Init
                0x08002b9c       0x50 Src\usb_device.o
                0x08002b9c                MX_USB_DEVICE_Init
 .text.CDC_DeInit_FS
                0x08002bec        0x4 Src\usbd_cdc_if.o
 .text.CDC_Control_FS
                0x08002bf0        0x4 Src\usbd_cdc_if.o
 .text.CDC_Receive_FS
                0x08002bf4       0x1c Src\usbd_cdc_if.o
 .text.CDC_Init_FS
                0x08002c10       0x28 Src\usbd_cdc_if.o
 .text.HAL_PCD_MspInit
                0x08002c38       0x3c Src\usbd_conf.o
                0x08002c38                HAL_PCD_MspInit
 .text.HAL_PCD_SetupStageCallback
                0x08002c74        0xc Src\usbd_conf.o
                0x08002c74                HAL_PCD_SetupStageCallback
 .text.HAL_PCD_DataOutStageCallback
                0x08002c80       0x10 Src\usbd_conf.o
                0x08002c80                HAL_PCD_DataOutStageCallback
 .text.HAL_PCD_DataInStageCallback
                0x08002c90        0xe Src\usbd_conf.o
                0x08002c90                HAL_PCD_DataInStageCallback
 .text.HAL_PCD_SOFCallback
                0x08002c9e        0x8 Src\usbd_conf.o
                0x08002c9e                HAL_PCD_SOFCallback
 .text.HAL_PCD_ResetCallback
                0x08002ca6       0x24 Src\usbd_conf.o
                0x08002ca6                HAL_PCD_ResetCallback
 *fill*         0x08002cca        0x2 
 .text.HAL_PCD_SuspendCallback
                0x08002ccc       0x20 Src\usbd_conf.o
                0x08002ccc                HAL_PCD_SuspendCallback
 .text.HAL_PCD_ResumeCallback
                0x08002cec        0x8 Src\usbd_conf.o
                0x08002cec                HAL_PCD_ResumeCallback
 .text.USBD_LL_Init
                0x08002cf4       0x80 Src\usbd_conf.o
                0x08002cf4                USBD_LL_Init
 .text.USBD_LL_Start
                0x08002d74       0x1c Src\usbd_conf.o
                0x08002d74                USBD_LL_Start
 .text.USBD_LL_OpenEP
                0x08002d90       0x20 Src\usbd_conf.o
                0x08002d90                USBD_LL_OpenEP
 .text.USBD_LL_CloseEP
                0x08002db0       0x1c Src\usbd_conf.o
                0x08002db0                USBD_LL_CloseEP
 .text.USBD_LL_StallEP
                0x08002dcc       0x1c Src\usbd_conf.o
                0x08002dcc                USBD_LL_StallEP
 .text.USBD_LL_ClearStallEP
                0x08002de8       0x1c Src\usbd_conf.o
                0x08002de8                USBD_LL_ClearStallEP
 .text.USBD_LL_IsStallEP
                0x08002e04       0x20 Src\usbd_conf.o
                0x08002e04                USBD_LL_IsStallEP
 .text.USBD_LL_SetUSBAddress
                0x08002e24       0x1c Src\usbd_conf.o
                0x08002e24                USBD_LL_SetUSBAddress
 .text.USBD_LL_Transmit
                0x08002e40       0x1c Src\usbd_conf.o
                0x08002e40                USBD_LL_Transmit
 .text.USBD_LL_PrepareReceive
                0x08002e5c       0x1c Src\usbd_conf.o
                0x08002e5c                USBD_LL_PrepareReceive
 .text.USBD_LL_GetRxDataSize
                0x08002e78        0xc Src\usbd_conf.o
                0x08002e78                USBD_LL_GetRxDataSize
 .text.USBD_static_malloc
                0x08002e84        0x8 Src\usbd_conf.o
                0x08002e84                USBD_static_malloc
 .text.USBD_static_free
                0x08002e8c        0x2 Src\usbd_conf.o
                0x08002e8c                USBD_static_free
 .text.HAL_PCDEx_SetConnectionState
                0x08002e8e        0x2 Src\usbd_conf.o
                0x08002e8e                HAL_PCDEx_SetConnectionState
 .text.USBD_FS_DeviceDescriptor
                0x08002e90        0xc Src\usbd_desc.o
                0x08002e90                USBD_FS_DeviceDescriptor
 .text.USBD_FS_LangIDStrDescriptor
                0x08002e9c        0xc Src\usbd_desc.o
                0x08002e9c                USBD_FS_LangIDStrDescriptor
 .text.IntToUnicode
                0x08002ea8       0x28 Src\usbd_desc.o
 .text.USBD_FS_SerialStrDescriptor
                0x08002ed0       0x40 Src\usbd_desc.o
                0x08002ed0                USBD_FS_SerialStrDescriptor
 .text.USBD_FS_ManufacturerStrDescriptor
                0x08002f10       0x1c Src\usbd_desc.o
                0x08002f10                USBD_FS_ManufacturerStrDescriptor
 .text.USBD_FS_ProductStrDescriptor
                0x08002f2c       0x1c Src\usbd_desc.o
                0x08002f2c                USBD_FS_ProductStrDescriptor
 .text.USBD_FS_ConfigStrDescriptor
                0x08002f48       0x1c Src\usbd_desc.o
                0x08002f48                USBD_FS_ConfigStrDescriptor
 .text.USBD_FS_InterfaceStrDescriptor
                0x08002f64       0x1c Src\usbd_desc.o
                0x08002f64                USBD_FS_InterfaceStrDescriptor
 .text.Reset_Handler
                0x08002f80       0x48 startup\startup_stm32f103xb.o
                0x08002f80                Reset_Handler
 .text.Default_Handler
                0x08002fc8        0x2 startup\startup_stm32f103xb.o
                0x08002fc8                RTC_Alarm_IRQHandler
                0x08002fc8                EXTI2_IRQHandler
                0x08002fc8                TIM1_CC_IRQHandler
                0x08002fc8                PVD_IRQHandler
                0x08002fc8                EXTI3_IRQHandler
                0x08002fc8                EXTI0_IRQHandler
                0x08002fc8                I2C2_EV_IRQHandler
                0x08002fc8                ADC1_2_IRQHandler
                0x08002fc8                SPI1_IRQHandler
                0x08002fc8                TAMPER_IRQHandler
                0x08002fc8                DMA1_Channel4_IRQHandler
                0x08002fc8                USART3_IRQHandler
                0x08002fc8                RTC_IRQHandler
                0x08002fc8                DMA1_Channel7_IRQHandler
                0x08002fc8                CAN1_RX1_IRQHandler
                0x08002fc8                TIM4_IRQHandler
                0x08002fc8                I2C1_EV_IRQHandler
                0x08002fc8                DMA1_Channel6_IRQHandler
                0x08002fc8                TIM3_IRQHandler
                0x08002fc8                RCC_IRQHandler
                0x08002fc8                TIM1_TRG_COM_IRQHandler
                0x08002fc8                DMA1_Channel1_IRQHandler
                0x08002fc8                Default_Handler
                0x08002fc8                EXTI15_10_IRQHandler
                0x08002fc8                EXTI9_5_IRQHandler
                0x08002fc8                SPI2_IRQHandler
                0x08002fc8                DMA1_Channel5_IRQHandler
                0x08002fc8                EXTI4_IRQHandler
                0x08002fc8                USB_HP_CAN1_TX_IRQHandler
                0x08002fc8                DMA1_Channel3_IRQHandler
                0x08002fc8                WWDG_IRQHandler
                0x08002fc8                TIM2_IRQHandler
                0x08002fc8                TIM1_BRK_IRQHandler
                0x08002fc8                EXTI1_IRQHandler
                0x08002fc8                USART2_IRQHandler
                0x08002fc8                I2C2_ER_IRQHandler
                0x08002fc8                DMA1_Channel2_IRQHandler
                0x08002fc8                CAN1_SCE_IRQHandler
                0x08002fc8                FLASH_IRQHandler
                0x08002fc8                USART1_IRQHandler
                0x08002fc8                I2C1_ER_IRQHandler
                0x08002fc8                USBWakeUp_IRQHandler
 *fill*         0x08002fca        0x2 
 .text.__libc_init_array
                0x08002fcc       0x48 c:/program files (x86)/atollic/truestudio for stm32 9.3.0/armtools/bin/../lib/gcc/arm-atollic-eabi/6.3.1/../../../../arm-atollic-eabi/lib/armv7-m\libc_nano.a(lib_a-init.o)
                0x08002fcc                __libc_init_array
 .text.memset   0x08003014       0x10 c:/program files (x86)/atollic/truestudio for stm32 9.3.0/armtools/bin/../lib/gcc/arm-atollic-eabi/6.3.1/../../../../arm-atollic-eabi/lib/armv7-m\libc_nano.a(lib_a-memset.o)
                0x08003014                memset
 *(.glue_7)
 .glue_7        0x08003024        0x0 linker stubs
 *(.glue_7t)
 .glue_7t       0x08003024        0x0 linker stubs
 *(.eh_frame)
 .eh_frame      0x08003024        0x0 c:/program files (x86)/atollic/truestudio for stm32 9.3.0/armtools/bin/../lib/gcc/arm-atollic-eabi/6.3.1/armv7-m/crtbegin.o
 *(.init)
 .init          0x08003024        0x4 c:/program files (x86)/atollic/truestudio for stm32 9.3.0/armtools/bin/../lib/gcc/arm-atollic-eabi/6.3.1/armv7-m/crti.o
                0x08003024                _init
 .init          0x08003028        0x8 c:/program files (x86)/atollic/truestudio for stm32 9.3.0/armtools/bin/../lib/gcc/arm-atollic-eabi/6.3.1/armv7-m/crtn.o
 *(.fini)
 .fini          0x08003030        0x4 c:/program files (x86)/atollic/truestudio for stm32 9.3.0/armtools/bin/../lib/gcc/arm-atollic-eabi/6.3.1/armv7-m/crti.o
                0x08003030                _fini
 .fini          0x08003034        0x8 c:/program files (x86)/atollic/truestudio for stm32 9.3.0/armtools/bin/../lib/gcc/arm-atollic-eabi/6.3.1/armv7-m/crtn.o
                0x0800303c                . = ALIGN (0x4)
                0x0800303c                _etext = .

.vfp11_veneer   0x0800303c        0x0
 .vfp11_veneer  0x0800303c        0x0 linker stubs

.v4_bx          0x0800303c        0x0
 .v4_bx         0x0800303c        0x0 linker stubs

.iplt           0x0800303c        0x0
 .iplt          0x0800303c        0x0 c:/program files (x86)/atollic/truestudio for stm32 9.3.0/armtools/bin/../lib/gcc/arm-atollic-eabi/6.3.1/armv7-m/crtbegin.o

.rodata         0x0800303c      0x1c8
                0x0800303c                . = ALIGN (0x4)
 *(.rodata)
 .rodata        0x0800303c       0x10 Drivers\STM32F1xx_HAL_Driver\Src\stm32f1xx_hal_rcc.o
 *(.rodata*)
 .rodata.HAL_NVIC_SetPriorityGrouping.str1.1
                0x0800304c       0x3b Drivers\STM32F1xx_HAL_Driver\Src\stm32f1xx_hal_cortex.o
 .rodata.HAL_GPIO_Init.str1.1
                0x08003087       0x39 Drivers\STM32F1xx_HAL_Driver\Src\stm32f1xx_hal_gpio.o
 .rodata.HAL_PCD_Init.str1.1
                0x080030c0       0x38 Drivers\STM32F1xx_HAL_Driver\Src\stm32f1xx_hal_pcd.o
 .rodata.HAL_RCC_OscConfig.str1.1
                0x080030f8       0x38 Drivers\STM32F1xx_HAL_Driver\Src\stm32f1xx_hal_rcc.o
 .rodata.HAL_RCCEx_PeriphCLKConfig.str1.1
                0x08003130       0x3b Drivers\STM32F1xx_HAL_Driver\Src\stm32f1xx_hal_rcc_ex.o
 .rodata.TIM_OC1_SetConfig.str1.1
                0x0800316b       0x38 Drivers\STM32F1xx_HAL_Driver\Src\stm32f1xx_hal_tim.o
 .rodata.AHBPrescTable
                0x080031a3       0x10 Src\system_stm32f1xx.o
                0x080031a3                AHBPrescTable
 .rodata.APBPrescTable
                0x080031b3        0x8 Src\system_stm32f1xx.o
                0x080031b3                APBPrescTable
 .rodata.CSWTCH.4
                0x080031bb        0x4 Src\usbd_conf.o
 .rodata.USBD_FS_ConfigStrDescriptor.str1.1
                0x080031bf        0xb Src\usbd_desc.o
 .rodata.USBD_FS_InterfaceStrDescriptor.str1.1
                0x080031ca        0xe Src\usbd_desc.o
 .rodata.USBD_FS_ManufacturerStrDescriptor.str1.1
                0x080031d8       0x13 Src\usbd_desc.o
 .rodata.USBD_FS_ProductStrDescriptor.str1.1
                0x080031eb       0x16 Src\usbd_desc.o
                0x08003204                . = ALIGN (0x4)
 *fill*         0x08003201        0x3 

.rel.dyn        0x08003204        0x0
 .rel.iplt      0x08003204        0x0 c:/program files (x86)/atollic/truestudio for stm32 9.3.0/armtools/bin/../lib/gcc/arm-atollic-eabi/6.3.1/armv7-m/crtbegin.o

.ARM.extab
 *(.ARM.extab* .gnu.linkonce.armextab.*)

.ARM            0x08003204        0x0
                0x08003204                __exidx_start = .
 *(.ARM.exidx*)
                0x08003204                __exidx_end = .

.preinit_array  0x08003204        0x0
                0x08003204                PROVIDE (__preinit_array_start, .)
 *(.preinit_array*)
                0x08003204                PROVIDE (__preinit_array_end, .)

.init_array     0x08003204        0x4
                0x08003204                PROVIDE (__init_array_start, .)
 *(SORT(.init_array.*))
 *(.init_array*)
 .init_array    0x08003204        0x4 c:/program files (x86)/atollic/truestudio for stm32 9.3.0/armtools/bin/../lib/gcc/arm-atollic-eabi/6.3.1/armv7-m/crtbegin.o
                0x08003208                PROVIDE (__init_array_end, .)

.fini_array     0x08003208        0x4
                [!provide]                PROVIDE (__fini_array_start, .)
 *(SORT(.fini_array.*))
 *(.fini_array*)
 .fini_array    0x08003208        0x4 c:/program files (x86)/atollic/truestudio for stm32 9.3.0/armtools/bin/../lib/gcc/arm-atollic-eabi/6.3.1/armv7-m/crtbegin.o
                [!provide]                PROVIDE (__fini_array_end, .)
                0x0800320c                _sidata = LOADADDR (.data)

.data           0x20000000      0x178 load address 0x0800320c
                0x20000000                . = ALIGN (0x4)
                0x20000000                _sdata = .
 *(.data)
 *(.data*)
 .data.uwTickFreq
                0x20000000        0x1 Drivers\STM32F1xx_HAL_Driver\Src\stm32f1xx_hal.o
                0x20000000                uwTickFreq
 *fill*         0x20000001        0x3 
 .data.USBD_CDC
                0x20000004       0x38 Middlewares\ST\STM32_USB_Device_Library\Class\CDC\Src\usbd_cdc.o
                0x20000004                USBD_CDC
 .data.USBD_CDC_CfgFSDesc
                0x2000003c       0x43 Middlewares\ST\STM32_USB_Device_Library\Class\CDC\Src\usbd_cdc.o
                0x2000003c                USBD_CDC_CfgFSDesc
 *fill*         0x2000007f        0x1 
 .data.USBD_CDC_CfgHSDesc
                0x20000080       0x43 Middlewares\ST\STM32_USB_Device_Library\Class\CDC\Src\usbd_cdc.o
                0x20000080                USBD_CDC_CfgHSDesc
 *fill*         0x200000c3        0x1 
 .data.USBD_CDC_DeviceQualifierDesc
                0x200000c4        0xa Middlewares\ST\STM32_USB_Device_Library\Class\CDC\Src\usbd_cdc.o
 *fill*         0x200000ce        0x2 
 .data.USBD_CDC_OtherSpeedCfgDesc
                0x200000d0       0x43 Middlewares\ST\STM32_USB_Device_Library\Class\CDC\Src\usbd_cdc.o
                0x200000d0                USBD_CDC_OtherSpeedCfgDesc
 *fill*         0x20000113        0x1 
 .data.SystemCoreClock
                0x20000114        0x4 Src\system_stm32f1xx.o
                0x20000114                SystemCoreClock
 .data.USBD_Interface_fops_FS
                0x20000118       0x10 Src\usbd_cdc_if.o
                0x20000118                USBD_Interface_fops_FS
 .data.FS_Desc  0x20000128       0x1c Src\usbd_desc.o
                0x20000128                FS_Desc
 .data.USBD_FS_DeviceDesc
                0x20000144       0x12 Src\usbd_desc.o
                0x20000144                USBD_FS_DeviceDesc
 *fill*         0x20000156        0x2 
 .data.USBD_LangIDDesc
                0x20000158        0x4 Src\usbd_desc.o
                0x20000158                USBD_LangIDDesc
 .data.USBD_StringSerial
                0x2000015c       0x1a Src\usbd_desc.o
                0x2000015c                USBD_StringSerial
                0x20000178                . = ALIGN (0x4)
 *fill*         0x20000176        0x2 
                0x20000178                _edata = .

.igot.plt       0x20000178        0x0 load address 0x08003384
 .igot.plt      0x20000178        0x0 c:/program files (x86)/atollic/truestudio for stm32 9.3.0/armtools/bin/../lib/gcc/arm-atollic-eabi/6.3.1/armv7-m/crtbegin.o
                0x20000178                . = ALIGN (0x4)

.bss            0x20000178     0x12d8 load address 0x08003384
                0x20000178                _sbss = .
                0x20000178                __bss_start__ = _sbss
 *(.bss)
 .bss           0x20000178       0x1c c:/program files (x86)/atollic/truestudio for stm32 9.3.0/armtools/bin/../lib/gcc/arm-atollic-eabi/6.3.1/armv7-m/crtbegin.o
 *(.bss*)
 .bss.ifalt.7963
                0x20000194        0x1 Middlewares\ST\STM32_USB_Device_Library\Class\CDC\Src\usbd_cdc.o
 .bss.cfgidx.7968
                0x20000195        0x1 Middlewares\ST\STM32_USB_Device_Library\Core\Src\usbd_ctlreq.o
 *fill*         0x20000196        0x2 
 .bss.mem.8051  0x20000198      0x220 Src\usbd_conf.o
 *(COMMON)
 COMMON         0x200003b8        0x4 Drivers\STM32F1xx_HAL_Driver\Src\stm32f1xx_hal.o
                0x200003b8                uwTick
 COMMON         0x200003bc       0x40 Src\stm32f1xx_hal_timebase_tim.o
                0x200003bc                htim1
 COMMON         0x200003fc      0x224 Src\usb_device.o
                0x200003fc                hUsbDeviceFS
 COMMON         0x20000620      0x7d0 Src\usbd_cdc_if.o
                0x20000620                UserRxBufferFS
                0x20000a08                UserTxBufferFS
 COMMON         0x20000df0      0x460 Src\usbd_conf.o
                0x20000df0                hpcd_USB_FS
 COMMON         0x20001250      0x200 Src\usbd_desc.o
                0x20001250                USBD_StrDesc
                0x20001450                . = ALIGN (0x4)
                0x20001450                _ebss = .
                0x20001450                __bss_end__ = _ebss

._user_heap_stack
                0x20001450      0x600 load address 0x08003384
                0x20001450                . = ALIGN (0x4)
                0x20001450                PROVIDE (end, .)
                [!provide]                PROVIDE (_end, .)
                0x20001650                . = (. + _Min_Heap_Size)
 *fill*         0x20001450      0x200 
                0x20001a50                . = (. + _Min_Stack_Size)
 *fill*         0x20001650      0x400 
                0x20001a50                . = ALIGN (0x4)

/DISCARD/
 libc.a(*)
 libm.a(*)
 libgcc.a(*)

.ARM.attributes
                0x00000000       0x29
 *(.ARM.attributes)
 .ARM.attributes
                0x00000000       0x1d c:/program files (x86)/atollic/truestudio for stm32 9.3.0/armtools/bin/../lib/gcc/arm-atollic-eabi/6.3.1/armv7-m/crti.o
 .ARM.attributes
                0x0000001d       0x2d c:/program files (x86)/atollic/truestudio for stm32 9.3.0/armtools/bin/../lib/gcc/arm-atollic-eabi/6.3.1/armv7-m/crtbegin.o
 .ARM.attributes
                0x0000004a       0x33 Drivers\STM32F1xx_HAL_Driver\Src\stm32f1xx_hal.o
 .ARM.attributes
                0x0000007d       0x33 Drivers\STM32F1xx_HAL_Driver\Src\stm32f1xx_hal_cortex.o
 .ARM.attributes
                0x000000b0       0x33 Drivers\STM32F1xx_HAL_Driver\Src\stm32f1xx_hal_gpio.o
 .ARM.attributes
                0x000000e3       0x33 Drivers\STM32F1xx_HAL_Driver\Src\stm32f1xx_hal_pcd.o
 .ARM.attributes
                0x00000116       0x33 Drivers\STM32F1xx_HAL_Driver\Src\stm32f1xx_hal_pcd_ex.o
 .ARM.attributes
                0x00000149       0x33 Drivers\STM32F1xx_HAL_Driver\Src\stm32f1xx_hal_rcc.o
 .ARM.attributes
                0x0000017c       0x33 Drivers\STM32F1xx_HAL_Driver\Src\stm32f1xx_hal_rcc_ex.o
 .ARM.attributes
                0x000001af       0x33 Drivers\STM32F1xx_HAL_Driver\Src\stm32f1xx_hal_tim.o
 .ARM.attributes
                0x000001e2       0x33 Drivers\STM32F1xx_HAL_Driver\Src\stm32f1xx_hal_tim_ex.o
 .ARM.attributes
                0x00000215       0x33 Drivers\STM32F1xx_HAL_Driver\Src\stm32f1xx_ll_usb.o
 .ARM.attributes
                0x00000248       0x33 Middlewares\ST\STM32_USB_Device_Library\Class\CDC\Src\usbd_cdc.o
 .ARM.attributes
                0x0000027b       0x33 Middlewares\ST\STM32_USB_Device_Library\Core\Src\usbd_core.o
 .ARM.attributes
                0x000002ae       0x33 Middlewares\ST\STM32_USB_Device_Library\Core\Src\usbd_ctlreq.o
 .ARM.attributes
                0x000002e1       0x33 Middlewares\ST\STM32_USB_Device_Library\Core\Src\usbd_ioreq.o
 .ARM.attributes
                0x00000314       0x33 Src\gpio.o
 .ARM.attributes
                0x00000347       0x33 Src\main.o
 .ARM.attributes
                0x0000037a       0x33 Src\stm32f1xx_hal_msp.o
 .ARM.attributes
                0x000003ad       0x33 Src\stm32f1xx_hal_timebase_tim.o
 .ARM.attributes
                0x000003e0       0x33 Src\stm32f1xx_it.o
 .ARM.attributes
                0x00000413       0x33 Src\system_stm32f1xx.o
 .ARM.attributes
                0x00000446       0x33 Src\usb_device.o
 .ARM.attributes
                0x00000479       0x33 Src\usbd_cdc_if.o
 .ARM.attributes
                0x000004ac       0x33 Src\usbd_conf.o
 .ARM.attributes
                0x000004df       0x33 Src\usbd_desc.o
 .ARM.attributes
                0x00000512       0x21 startup\startup_stm32f103xb.o
 .ARM.attributes
                0x00000533       0x2d c:/program files (x86)/atollic/truestudio for stm32 9.3.0/armtools/bin/../lib/gcc/arm-atollic-eabi/6.3.1/../../../../arm-atollic-eabi/lib/armv7-m\libc_nano.a(lib_a-init.o)
 .ARM.attributes
                0x00000560       0x2d c:/program files (x86)/atollic/truestudio for stm32 9.3.0/armtools/bin/../lib/gcc/arm-atollic-eabi/6.3.1/../../../../arm-atollic-eabi/lib/armv7-m\libc_nano.a(lib_a-memset.o)
 .ARM.attributes
                0x0000058d       0x1d c:/program files (x86)/atollic/truestudio for stm32 9.3.0/armtools/bin/../lib/gcc/arm-atollic-eabi/6.3.1/armv7-m/crtn.o
OUTPUT(ebay_STM32F103C8_bluepill.elf elf32-littlearm)

.debug_info     0x00000000    0x1fec7
 .debug_info    0x00000000      0xff2 Drivers\STM32F1xx_HAL_Driver\Src\stm32f1xx_hal.o
 .debug_info    0x00000ff2     0x1604 Drivers\STM32F1xx_HAL_Driver\Src\stm32f1xx_hal_cortex.o
 .debug_info    0x000025f6     0x10b7 Drivers\STM32F1xx_HAL_Driver\Src\stm32f1xx_hal_gpio.o
 .debug_info    0x000036ad     0x19e8 Drivers\STM32F1xx_HAL_Driver\Src\stm32f1xx_hal_pcd.o
 .debug_info    0x00005095      0xe43 Drivers\STM32F1xx_HAL_Driver\Src\stm32f1xx_hal_pcd_ex.o
 .debug_info    0x00005ed8     0x1513 Drivers\STM32F1xx_HAL_Driver\Src\stm32f1xx_hal_rcc.o
 .debug_info    0x000073eb      0xd3c Drivers\STM32F1xx_HAL_Driver\Src\stm32f1xx_hal_rcc_ex.o
 .debug_info    0x00008127     0x4cf4 Drivers\STM32F1xx_HAL_Driver\Src\stm32f1xx_hal_tim.o
 .debug_info    0x0000ce1b     0x20db Drivers\STM32F1xx_HAL_Driver\Src\stm32f1xx_hal_tim_ex.o
 .debug_info    0x0000eef6     0x1746 Drivers\STM32F1xx_HAL_Driver\Src\stm32f1xx_ll_usb.o
 .debug_info    0x0001063c     0x153c Middlewares\ST\STM32_USB_Device_Library\Class\CDC\Src\usbd_cdc.o
 .debug_info    0x00011b78     0x14ac Middlewares\ST\STM32_USB_Device_Library\Core\Src\usbd_core.o
 .debug_info    0x00013024     0x14df Middlewares\ST\STM32_USB_Device_Library\Core\Src\usbd_ctlreq.o
 .debug_info    0x00014503     0x100b Middlewares\ST\STM32_USB_Device_Library\Core\Src\usbd_ioreq.o
 .debug_info    0x0001550e      0xbd8 Src\gpio.o
 .debug_info    0x000160e6     0x1283 Src\main.o
 .debug_info    0x00017369      0xad2 Src\stm32f1xx_hal_msp.o
 .debug_info    0x00017e3b     0x11bc Src\stm32f1xx_hal_timebase_tim.o
 .debug_info    0x00018ff7     0x12ae Src\stm32f1xx_it.o
 .debug_info    0x0001a2a5      0xc4d Src\system_stm32f1xx.o
 .debug_info    0x0001aef2      0xf1a Src\usb_device.o
 .debug_info    0x0001be0c     0x10d6 Src\usbd_cdc_if.o
 .debug_info    0x0001cee2     0x20c7 Src\usbd_conf.o
 .debug_info    0x0001efa9      0xe81 Src\usbd_desc.o
 .debug_info    0x0001fe2a       0x9d startup\startup_stm32f103xb.o

.debug_abbrev   0x00000000     0x41a6
 .debug_abbrev  0x00000000      0x315 Drivers\STM32F1xx_HAL_Driver\Src\stm32f1xx_hal.o
 .debug_abbrev  0x00000315      0x3b2 Drivers\STM32F1xx_HAL_Driver\Src\stm32f1xx_hal_cortex.o
 .debug_abbrev  0x000006c7      0x2ae Drivers\STM32F1xx_HAL_Driver\Src\stm32f1xx_hal_gpio.o
 .debug_abbrev  0x00000975      0x39a Drivers\STM32F1xx_HAL_Driver\Src\stm32f1xx_hal_pcd.o
 .debug_abbrev  0x00000d0f      0x1f5 Drivers\STM32F1xx_HAL_Driver\Src\stm32f1xx_hal_pcd_ex.o
 .debug_abbrev  0x00000f04      0x358 Drivers\STM32F1xx_HAL_Driver\Src\stm32f1xx_hal_rcc.o
 .debug_abbrev  0x0000125c      0x29d Drivers\STM32F1xx_HAL_Driver\Src\stm32f1xx_hal_rcc_ex.o
 .debug_abbrev  0x000014f9      0x39f Drivers\STM32F1xx_HAL_Driver\Src\stm32f1xx_hal_tim.o
 .debug_abbrev  0x00001898      0x2ed Drivers\STM32F1xx_HAL_Driver\Src\stm32f1xx_hal_tim_ex.o
 .debug_abbrev  0x00001b85      0x31c Drivers\STM32F1xx_HAL_Driver\Src\stm32f1xx_ll_usb.o
 .debug_abbrev  0x00001ea1      0x2e8 Middlewares\ST\STM32_USB_Device_Library\Class\CDC\Src\usbd_cdc.o
 .debug_abbrev  0x00002189      0x308 Middlewares\ST\STM32_USB_Device_Library\Core\Src\usbd_core.o
 .debug_abbrev  0x00002491      0x3aa Middlewares\ST\STM32_USB_Device_Library\Core\Src\usbd_ctlreq.o
 .debug_abbrev  0x0000283b      0x1da Middlewares\ST\STM32_USB_Device_Library\Core\Src\usbd_ioreq.o
 .debug_abbrev  0x00002a15      0x204 Src\gpio.o
 .debug_abbrev  0x00002c19      0x284 Src\main.o
 .debug_abbrev  0x00002e9d      0x1bc Src\stm32f1xx_hal_msp.o
 .debug_abbrev  0x00003059      0x258 Src\stm32f1xx_hal_timebase_tim.o
 .debug_abbrev  0x000032b1      0x222 Src\stm32f1xx_it.o
 .debug_abbrev  0x000034d3      0x1eb Src\system_stm32f1xx.o
 .debug_abbrev  0x000036be      0x1ef Src\usb_device.o
 .debug_abbrev  0x000038ad      0x2ab Src\usbd_cdc_if.o
 .debug_abbrev  0x00003b58      0x317 Src\usbd_conf.o
 .debug_abbrev  0x00003e6f      0x325 Src\usbd_desc.o
 .debug_abbrev  0x00004194       0x12 startup\startup_stm32f103xb.o

.debug_loc      0x00000000     0x82ed
 .debug_loc     0x00000000       0xf3 Drivers\STM32F1xx_HAL_Driver\Src\stm32f1xx_hal.o
 .debug_loc     0x000000f3      0x513 Drivers\STM32F1xx_HAL_Driver\Src\stm32f1xx_hal_cortex.o
 .debug_loc     0x00000606      0x449 Drivers\STM32F1xx_HAL_Driver\Src\stm32f1xx_hal_gpio.o
 .debug_loc     0x00000a4f      0x995 Drivers\STM32F1xx_HAL_Driver\Src\stm32f1xx_hal_pcd.o
 .debug_loc     0x000013e4       0xe0 Drivers\STM32F1xx_HAL_Driver\Src\stm32f1xx_hal_pcd_ex.o
 .debug_loc     0x000014c4      0x4d6 Drivers\STM32F1xx_HAL_Driver\Src\stm32f1xx_hal_rcc.o
 .debug_loc     0x0000199a      0x287 Drivers\STM32F1xx_HAL_Driver\Src\stm32f1xx_hal_rcc_ex.o
 .debug_loc     0x00001c21     0x2c7a Drivers\STM32F1xx_HAL_Driver\Src\stm32f1xx_hal_tim.o
 .debug_loc     0x0000489b      0xb6e Drivers\STM32F1xx_HAL_Driver\Src\stm32f1xx_hal_tim_ex.o
 .debug_loc     0x00005409      0xb9c Drivers\STM32F1xx_HAL_Driver\Src\stm32f1xx_ll_usb.o
 .debug_loc     0x00005fa5      0x4cf Middlewares\ST\STM32_USB_Device_Library\Class\CDC\Src\usbd_cdc.o
 .debug_loc     0x00006474      0x5f2 Middlewares\ST\STM32_USB_Device_Library\Core\Src\usbd_core.o
 .debug_loc     0x00006a66      0x7cd Middlewares\ST\STM32_USB_Device_Library\Core\Src\usbd_ctlreq.o
 .debug_loc     0x00007233      0x23c Middlewares\ST\STM32_USB_Device_Library\Core\Src\usbd_ioreq.o
 .debug_loc     0x0000746f       0x2c Src\main.o
 .debug_loc     0x0000749b       0x94 Src\stm32f1xx_hal_timebase_tim.o
 .debug_loc     0x0000752f       0xcd Src\system_stm32f1xx.o
 .debug_loc     0x000075fc      0x10c Src\usbd_cdc_if.o
 .debug_loc     0x00007708      0x8ec Src\usbd_conf.o
 .debug_loc     0x00007ff4      0x2f9 Src\usbd_desc.o

.debug_aranges  0x00000000      0xcc0
 .debug_aranges
                0x00000000       0xc8 Drivers\STM32F1xx_HAL_Driver\Src\stm32f1xx_hal.o
 .debug_aranges
                0x000000c8       0x90 Drivers\STM32F1xx_HAL_Driver\Src\stm32f1xx_hal_cortex.o
 .debug_aranges
                0x00000158       0x58 Drivers\STM32F1xx_HAL_Driver\Src\stm32f1xx_hal_gpio.o
 .debug_aranges
                0x000001b0       0xc0 Drivers\STM32F1xx_HAL_Driver\Src\stm32f1xx_hal_pcd.o
 .debug_aranges
                0x00000270       0x28 Drivers\STM32F1xx_HAL_Driver\Src\stm32f1xx_hal_pcd_ex.o
 .debug_aranges
                0x00000298       0x88 Drivers\STM32F1xx_HAL_Driver\Src\stm32f1xx_hal_rcc.o
 .debug_aranges
                0x00000320       0x30 Drivers\STM32F1xx_HAL_Driver\Src\stm32f1xx_hal_rcc_ex.o
 .debug_aranges
                0x00000350      0x280 Drivers\STM32F1xx_HAL_Driver\Src\stm32f1xx_hal_tim.o
 .debug_aranges
                0x000005d0      0x120 Drivers\STM32F1xx_HAL_Driver\Src\stm32f1xx_hal_tim_ex.o
 .debug_aranges
                0x000006f0       0xe0 Drivers\STM32F1xx_HAL_Driver\Src\stm32f1xx_ll_usb.o
 .debug_aranges
                0x000007d0       0x90 Middlewares\ST\STM32_USB_Device_Library\Class\CDC\Src\usbd_cdc.o
 .debug_aranges
                0x00000860       0xa8 Middlewares\ST\STM32_USB_Device_Library\Core\Src\usbd_core.o
 .debug_aranges
                0x00000908       0x50 Middlewares\ST\STM32_USB_Device_Library\Core\Src\usbd_ctlreq.o
 .debug_aranges
                0x00000958       0x50 Middlewares\ST\STM32_USB_Device_Library\Core\Src\usbd_ioreq.o
 .debug_aranges
                0x000009a8       0x20 Src\gpio.o
 .debug_aranges
                0x000009c8       0x40 Src\main.o
 .debug_aranges
                0x00000a08       0x20 Src\stm32f1xx_hal_msp.o
 .debug_aranges
                0x00000a28       0x30 Src\stm32f1xx_hal_timebase_tim.o
 .debug_aranges
                0x00000a58       0x50 Src\stm32f1xx_it.o
 .debug_aranges
                0x00000aa8       0x28 Src\system_stm32f1xx.o
 .debug_aranges
                0x00000ad0       0x20 Src\usb_device.o
 .debug_aranges
                0x00000af0       0x40 Src\usbd_cdc_if.o
 .debug_aranges
                0x00000b30      0x110 Src\usbd_conf.o
 .debug_aranges
                0x00000c40       0x58 Src\usbd_desc.o
 .debug_aranges
                0x00000c98       0x28 startup\startup_stm32f103xb.o

.debug_ranges   0x00000000     0x1060
 .debug_ranges  0x00000000       0xb8 Drivers\STM32F1xx_HAL_Driver\Src\stm32f1xx_hal.o
 .debug_ranges  0x000000b8       0xf0 Drivers\STM32F1xx_HAL_Driver\Src\stm32f1xx_hal_cortex.o
 .debug_ranges  0x000001a8       0x68 Drivers\STM32F1xx_HAL_Driver\Src\stm32f1xx_hal_gpio.o
 .debug_ranges  0x00000210      0x118 Drivers\STM32F1xx_HAL_Driver\Src\stm32f1xx_hal_pcd.o
 .debug_ranges  0x00000328       0x18 Drivers\STM32F1xx_HAL_Driver\Src\stm32f1xx_hal_pcd_ex.o
 .debug_ranges  0x00000340       0xa0 Drivers\STM32F1xx_HAL_Driver\Src\stm32f1xx_hal_rcc.o
 .debug_ranges  0x000003e0       0x40 Drivers\STM32F1xx_HAL_Driver\Src\stm32f1xx_hal_rcc_ex.o
 .debug_ranges  0x00000420      0x370 Drivers\STM32F1xx_HAL_Driver\Src\stm32f1xx_hal_tim.o
 .debug_ranges  0x00000790      0x110 Drivers\STM32F1xx_HAL_Driver\Src\stm32f1xx_hal_tim_ex.o
 .debug_ranges  0x000008a0      0x260 Drivers\STM32F1xx_HAL_Driver\Src\stm32f1xx_ll_usb.o
 .debug_ranges  0x00000b00       0x80 Middlewares\ST\STM32_USB_Device_Library\Class\CDC\Src\usbd_cdc.o
 .debug_ranges  0x00000b80       0x98 Middlewares\ST\STM32_USB_Device_Library\Core\Src\usbd_core.o
 .debug_ranges  0x00000c18       0xc0 Middlewares\ST\STM32_USB_Device_Library\Core\Src\usbd_ctlreq.o
 .debug_ranges  0x00000cd8       0x40 Middlewares\ST\STM32_USB_Device_Library\Core\Src\usbd_ioreq.o
 .debug_ranges  0x00000d18       0x50 Src\gpio.o
 .debug_ranges  0x00000d68       0x30 Src\main.o
 .debug_ranges  0x00000d98       0x58 Src\stm32f1xx_hal_msp.o
 .debug_ranges  0x00000df0       0x48 Src\stm32f1xx_hal_timebase_tim.o
 .debug_ranges  0x00000e38       0x40 Src\stm32f1xx_it.o
 .debug_ranges  0x00000e78       0x18 Src\system_stm32f1xx.o
 .debug_ranges  0x00000e90       0x10 Src\usb_device.o
 .debug_ranges  0x00000ea0       0x30 Src\usbd_cdc_if.o
 .debug_ranges  0x00000ed0      0x128 Src\usbd_conf.o
 .debug_ranges  0x00000ff8       0x48 Src\usbd_desc.o
 .debug_ranges  0x00001040       0x20 startup\startup_stm32f103xb.o

.debug_line     0x00000000     0x8e3a
 .debug_line    0x00000000      0x493 Drivers\STM32F1xx_HAL_Driver\Src\stm32f1xx_hal.o
 .debug_line    0x00000493      0x4e2 Drivers\STM32F1xx_HAL_Driver\Src\stm32f1xx_hal_cortex.o
 .debug_line    0x00000975      0x59c Drivers\STM32F1xx_HAL_Driver\Src\stm32f1xx_hal_gpio.o
 .debug_line    0x00000f11      0x729 Drivers\STM32F1xx_HAL_Driver\Src\stm32f1xx_hal_pcd.o
 .debug_line    0x0000163a      0x2ff Drivers\STM32F1xx_HAL_Driver\Src\stm32f1xx_hal_pcd_ex.o
 .debug_line    0x00001939      0x74c Drivers\STM32F1xx_HAL_Driver\Src\stm32f1xx_hal_rcc.o
 .debug_line    0x00002085      0x407 Drivers\STM32F1xx_HAL_Driver\Src\stm32f1xx_hal_rcc_ex.o
 .debug_line    0x0000248c     0x2083 Drivers\STM32F1xx_HAL_Driver\Src\stm32f1xx_hal_tim.o
 .debug_line    0x0000450f      0xbc7 Drivers\STM32F1xx_HAL_Driver\Src\stm32f1xx_hal_tim_ex.o
 .debug_line    0x000050d6      0x628 Drivers\STM32F1xx_HAL_Driver\Src\stm32f1xx_ll_usb.o
 .debug_line    0x000056fe      0x543 Middlewares\ST\STM32_USB_Device_Library\Class\CDC\Src\usbd_cdc.o
 .debug_line    0x00005c41      0x52d Middlewares\ST\STM32_USB_Device_Library\Core\Src\usbd_core.o
 .debug_line    0x0000616e      0x4ad Middlewares\ST\STM32_USB_Device_Library\Core\Src\usbd_ctlreq.o
 .debug_line    0x0000661b      0x3c3 Middlewares\ST\STM32_USB_Device_Library\Core\Src\usbd_ioreq.o
 .debug_line    0x000069de      0x29a Src\gpio.o
 .debug_line    0x00006c78      0x409 Src\main.o
 .debug_line    0x00007081      0x283 Src\stm32f1xx_hal_msp.o
 .debug_line    0x00007304      0x341 Src\stm32f1xx_hal_timebase_tim.o
 .debug_line    0x00007645      0x348 Src\stm32f1xx_it.o
 .debug_line    0x0000798d      0x2bf Src\system_stm32f1xx.o
 .debug_line    0x00007c4c      0x39b Src\usb_device.o
 .debug_line    0x00007fe7      0x3be Src\usbd_cdc_if.o
 .debug_line    0x000083a5      0x63d Src\usbd_conf.o
 .debug_line    0x000089e2      0x3db Src\usbd_desc.o
 .debug_line    0x00008dbd       0x7d startup\startup_stm32f103xb.o

.debug_str      0x00000000     0x4304
 .debug_str     0x00000000      0xc00 Drivers\STM32F1xx_HAL_Driver\Src\stm32f1xx_hal.o
                                0xca1 (size before relaxing)
 .debug_str     0x00000c00      0x2e1 Drivers\STM32F1xx_HAL_Driver\Src\stm32f1xx_hal_cortex.o
                                0xdc9 (size before relaxing)
 .debug_str     0x00000ee1      0x1c9 Drivers\STM32F1xx_HAL_Driver\Src\stm32f1xx_hal_gpio.o
                                0x936 (size before relaxing)
 .debug_str     0x000010aa      0x7d3 Drivers\STM32F1xx_HAL_Driver\Src\stm32f1xx_hal_pcd.o
                                0xf30 (size before relaxing)
 .debug_str     0x0000187d       0x57 Drivers\STM32F1xx_HAL_Driver\Src\stm32f1xx_hal_pcd_ex.o
                                0xa4d (size before relaxing)
 .debug_str     0x000018d4      0x326 Drivers\STM32F1xx_HAL_Driver\Src\stm32f1xx_hal_rcc.o
                                0xb14 (size before relaxing)
 .debug_str     0x00001bfa      0x12b Drivers\STM32F1xx_HAL_Driver\Src\stm32f1xx_hal_rcc_ex.o
                                0x8f1 (size before relaxing)
 .debug_str     0x00001d25     0x109f Drivers\STM32F1xx_HAL_Driver\Src\stm32f1xx_hal_tim.o
                               0x1865 (size before relaxing)
 .debug_str     0x00002dc4      0x4f1 Drivers\STM32F1xx_HAL_Driver\Src\stm32f1xx_hal_tim_ex.o
                               0x1107 (size before relaxing)
 .debug_str     0x000032b5      0x155 Drivers\STM32F1xx_HAL_Driver\Src\stm32f1xx_ll_usb.o
                                0xc20 (size before relaxing)
 .debug_str     0x0000340a      0x64f Middlewares\ST\STM32_USB_Device_Library\Class\CDC\Src\usbd_cdc.o
                                0xdcc (size before relaxing)
 .debug_str     0x00003a59      0x2a0 Middlewares\ST\STM32_USB_Device_Library\Core\Src\usbd_core.o
                                0xd3e (size before relaxing)
 .debug_str     0x00003cf9      0x12e Middlewares\ST\STM32_USB_Device_Library\Core\Src\usbd_ctlreq.o
                                0xc58 (size before relaxing)
 .debug_str     0x00003e27       0x51 Middlewares\ST\STM32_USB_Device_Library\Core\Src\usbd_ioreq.o
                                0xb85 (size before relaxing)
 .debug_str     0x00003e78       0x2b Src\gpio.o
                                0x7a1 (size before relaxing)
 .debug_str     0x00003ea3       0x4c Src\main.o
                                0xd53 (size before relaxing)
 .debug_str     0x00003eef       0x1b Src\stm32f1xx_hal_msp.o
                                0x73c (size before relaxing)
 .debug_str     0x00003f0a       0x50 Src\stm32f1xx_hal_timebase_tim.o
                                0xf0b (size before relaxing)
 .debug_str     0x00003f5a       0xe0 Src\stm32f1xx_it.o
                                0xe0b (size before relaxing)
 .debug_str     0x0000403a       0x4d Src\system_stm32f1xx.o
                                0x791 (size before relaxing)
 .debug_str     0x00004087       0x38 Src\usb_device.o
                                0xb48 (size before relaxing)
 .debug_str     0x000040bf       0x7b Src\usbd_cdc_if.o
                                0xc18 (size before relaxing)
 .debug_str     0x0000413a       0x65 Src\usbd_conf.o
                               0x1632 (size before relaxing)
 .debug_str     0x0000419f      0x165 Src\usbd_desc.o
                                0x95b (size before relaxing)

.comment        0x00000000       0x7c
 .comment       0x00000000       0x7c Drivers\STM32F1xx_HAL_Driver\Src\stm32f1xx_hal.o
                                 0x7d (size before relaxing)
 .comment       0x0000007c       0x7d Drivers\STM32F1xx_HAL_Driver\Src\stm32f1xx_hal_cortex.o
 .comment       0x0000007c       0x7d Drivers\STM32F1xx_HAL_Driver\Src\stm32f1xx_hal_gpio.o
 .comment       0x0000007c       0x7d Drivers\STM32F1xx_HAL_Driver\Src\stm32f1xx_hal_pcd.o
 .comment       0x0000007c       0x7d Drivers\STM32F1xx_HAL_Driver\Src\stm32f1xx_hal_pcd_ex.o
 .comment       0x0000007c       0x7d Drivers\STM32F1xx_HAL_Driver\Src\stm32f1xx_hal_rcc.o
 .comment       0x0000007c       0x7d Drivers\STM32F1xx_HAL_Driver\Src\stm32f1xx_hal_rcc_ex.o
 .comment       0x0000007c       0x7d Drivers\STM32F1xx_HAL_Driver\Src\stm32f1xx_hal_tim.o
 .comment       0x0000007c       0x7d Drivers\STM32F1xx_HAL_Driver\Src\stm32f1xx_hal_tim_ex.o
 .comment       0x0000007c       0x7d Drivers\STM32F1xx_HAL_Driver\Src\stm32f1xx_ll_usb.o
 .comment       0x0000007c       0x7d Middlewares\ST\STM32_USB_Device_Library\Class\CDC\Src\usbd_cdc.o
 .comment       0x0000007c       0x7d Middlewares\ST\STM32_USB_Device_Library\Core\Src\usbd_core.o
 .comment       0x0000007c       0x7d Middlewares\ST\STM32_USB_Device_Library\Core\Src\usbd_ctlreq.o
 .comment       0x0000007c       0x7d Middlewares\ST\STM32_USB_Device_Library\Core\Src\usbd_ioreq.o
 .comment       0x0000007c       0x7d Src\gpio.o
 .comment       0x0000007c       0x7d Src\main.o
 .comment       0x0000007c       0x7d Src\stm32f1xx_hal_msp.o
 .comment       0x0000007c       0x7d Src\stm32f1xx_hal_timebase_tim.o
 .comment       0x0000007c       0x7d Src\stm32f1xx_it.o
 .comment       0x0000007c       0x7d Src\system_stm32f1xx.o
 .comment       0x0000007c       0x7d Src\usb_device.o
 .comment       0x0000007c       0x7d Src\usbd_cdc_if.o
 .comment       0x0000007c       0x7d Src\usbd_conf.o
 .comment       0x0000007c       0x7d Src\usbd_desc.o

.debug_frame    0x00000000     0x2360
 .debug_frame   0x00000000      0x1b0 Drivers\STM32F1xx_HAL_Driver\Src\stm32f1xx_hal.o
 .debug_frame   0x000001b0      0x164 Drivers\STM32F1xx_HAL_Driver\Src\stm32f1xx_hal_cortex.o
 .debug_frame   0x00000314      0x100 Drivers\STM32F1xx_HAL_Driver\Src\stm32f1xx_hal_gpio.o
 .debug_frame   0x00000414      0x2c4 Drivers\STM32F1xx_HAL_Driver\Src\stm32f1xx_hal_pcd.o
 .debug_frame   0x000006d8       0x30 Drivers\STM32F1xx_HAL_Driver\Src\stm32f1xx_hal_pcd_ex.o
 .debug_frame   0x00000708      0x168 Drivers\STM32F1xx_HAL_Driver\Src\stm32f1xx_hal_rcc.o
 .debug_frame   0x00000870       0x6c Drivers\STM32F1xx_HAL_Driver\Src\stm32f1xx_hal_rcc_ex.o
 .debug_frame   0x000008dc      0x9ac Drivers\STM32F1xx_HAL_Driver\Src\stm32f1xx_hal_tim.o
 .debug_frame   0x00001288      0x3c4 Drivers\STM32F1xx_HAL_Driver\Src\stm32f1xx_hal_tim_ex.o
 .debug_frame   0x0000164c      0x22c Drivers\STM32F1xx_HAL_Driver\Src\stm32f1xx_ll_usb.o
 .debug_frame   0x00001878      0x14c Middlewares\ST\STM32_USB_Device_Library\Class\CDC\Src\usbd_cdc.o
 .debug_frame   0x000019c4      0x1c0 Middlewares\ST\STM32_USB_Device_Library\Core\Src\usbd_core.o
 .debug_frame   0x00001b84       0xcc Middlewares\ST\STM32_USB_Device_Library\Core\Src\usbd_ctlreq.o
 .debug_frame   0x00001c50       0xb8 Middlewares\ST\STM32_USB_Device_Library\Core\Src\usbd_ioreq.o
 .debug_frame   0x00001d08       0x30 Src\gpio.o
 .debug_frame   0x00001d38       0x7c Src\main.o
 .debug_frame   0x00001db4       0x28 Src\stm32f1xx_hal_msp.o
 .debug_frame   0x00001ddc       0x50 Src\stm32f1xx_hal_timebase_tim.o
 .debug_frame   0x00001e2c       0xc0 Src\stm32f1xx_it.o
 .debug_frame   0x00001eec       0x30 Src\system_stm32f1xx.o
 .debug_frame   0x00001f1c       0x30 Src\usb_device.o
 .debug_frame   0x00001f4c       0x80 Src\usbd_cdc_if.o
 .debug_frame   0x00001fcc      0x284 Src\usbd_conf.o
 .debug_frame   0x00002250       0xc4 Src\usbd_desc.o
 .debug_frame   0x00002314       0x2c c:/program files (x86)/atollic/truestudio for stm32 9.3.0/armtools/bin/../lib/gcc/arm-atollic-eabi/6.3.1/../../../../arm-atollic-eabi/lib/armv7-m\libc_nano.a(lib_a-init.o)
 .debug_frame   0x00002340       0x20 c:/program files (x86)/atollic/truestudio for stm32 9.3.0/armtools/bin/../lib/gcc/arm-atollic-eabi/6.3.1/../../../../arm-atollic-eabi/lib/armv7-m\libc_nano.a(lib_a-memset.o)
